Jun 29 03:10:03 RHL058 sendmail[3569]: s5T68YTv003569: from=<no-reply@grooveshark.com>, size=25274, class=0, nrcpts=1, msgid=<1404025803.53afbbcb667b9@swift.generated>, proto=SMTP, relay=root@localhost
Jun 29 03:10:03 RHL058 postfix/smtpd[25080]: C05A07C2CA0: client=localhost[127.0.0.1]
Jun 29 03:10:03 RHL058 postfix/cleanup[12555]: C05A07C2CA0: message-id=<1404025803.53afbbcb667b9@swift.generated>
Jun 29 03:10:03 RHL058 sendmail[3569]: s5T68YTv003569: to=<t.k.custom3@gmail.com>, delay=00:00:00, xdelay=00:00:00, mailer=relay, pri=55274, relay=[127.0.0.1] [127.0.0.1], dsn=2.0.0, stat=Sent (Ok: queued as C05A07C2CA0)
Jun 29 03:10:03 RHL058 postfix/qmgr[14505]: C05A07C2CA0: from=<no-reply@grooveshark.com>, size=26493, nrcpt=1 (queue active)
Jun 29 03:10:03 RHL058 postfix/smtp[21304]: connect to gmail-smtp-in.l.google.com[2607:f8b0:4003:c01::1b]:25: Network is unreachable
Jun 29 03:10:04 RHL058 postfix/smtp[21304]: C05A07C2CA0: to=<t.k.custom3@gmail.com>, relay=gmail-smtp-in.l.google.com[173.194.77.27]:25, delay=0.85, delays=0.07/0/0.07/0.71, dsn=2.0.0, status=sent (250 2.0.0 OK 1404025804 lb8si19749612oeb.35 - gsmtp)
Jun 29 03:10:04 RHL058 postfix/qmgr[14505]: C05A07C2CA0: removed
Jun 29 03:10:06 RHL058 sendmail[3691]: s5T46jeD003691: from=<no-reply@grooveshark.com>, size=9340, class=0, nrcpts=1, msgid=<1404025806.53afbbce34fdf@swift.generated>, proto=SMTP, relay=root@localhost
Jun 29 03:10:06 RHL058 postfix/smtpd[11262]: 5A9917C2CA0: client=localhost[127.0.0.1]
Jun 29 03:10:06 RHL058 postfix/cleanup[12556]: 5A9917C2CA0: message-id=<1404025806.53afbbce34fdf@swift.generated>
Jun 29 03:10:06 RHL058 sendmail[3691]: s5T46jeD003691: to=<dragon2010_2001@yahoo.com>, delay=00:00:00, xdelay=00:00:00, mailer=relay, pri=39340, relay=[127.0.0.1] [127.0.0.1], dsn=2.0.0, stat=Sent (Ok: queued as 5A9917C2CA0)
Jun 29 03:10:06 RHL058 postfix/qmgr[14505]: 5A9917C2CA0: from=<no-reply@grooveshark.com>, size=10078, nrcpt=1 (queue active)
Jun 29 03:10:07 RHL058 postfix/smtp[21353]: 5A9917C2CA0: to=<dragon2010_2001@yahoo.com>, relay=mta7.am0.yahoodns.net[98.136.217.202]:25, delay=1.5, delays=0.06/0/0.1/1.3, dsn=2.0.0, status=sent (250 ok dirdel)
Jun 29 03:10:07 RHL058 postfix/qmgr[14505]: 5A9917C2CA0: removed
Jun 29 03:10:13 RHL058 sendmail[3569]: s5T68YTw003569: from=<no-reply@grooveshark.com>, size=25452, class=0, nrcpts=1, msgid=<1404025813.53afbbd571a44@swift.generated>, proto=SMTP, relay=root@localhost
Jun 29 03:10:13 RHL058 postfix/smtpd[25080]: C03297C2CA0: client=localhost[127.0.0.1]
Jun 29 03:10:13 RHL058 postfix/cleanup[14986]: C03297C2CA0: message-id=<1404025813.53afbbd571a44@swift.generated>
Jun 29 03:10:13 RHL058 sendmail[3569]: s5T68YTw003569: to=<q.debalincourt@gmail.com>, delay=00:00:00, xdelay=00:00:00, mailer=relay, pri=55452, relay=[127.0.0.1] [127.0.0.1], dsn=2.0.0, stat=Sent (Ok: queued as C03297C2CA0)
Jun 29 03:10:13 RHL058 postfix/qmgr[14505]: C03297C2CA0: from=<no-reply@grooveshark.com>, size=26679, nrcpt=1 (queue active)
Jun 29 03:10:13 RHL058 postfix/smtp[21349]: connect to gmail-smtp-in.l.google.com[2607:f8b0:4003:c01::1b]:25: Network is unreachable
Jun 29 03:10:14 RHL058 postfix/smtp[21349]: C03297C2CA0: to=<q.debalincourt@gmail.com>, relay=gmail-smtp-in.l.google.com[173.194.77.27]:25, delay=0.46, delays=0.06/0/0.08/0.33, dsn=2.0.0, status=sent (250 2.0.0 OK 1404025814 x5si20862389oeq.80 - gsmtp)
Jun 29 03:10:14 RHL058 postfix/qmgr[14505]: C03297C2CA0: removed
Jun 29 03:10:15 RHL058 sendmail[3569]: s5T68YTx003569: from=<no-reply@grooveshark.com>, size=14951, class=0, nrcpts=1, msgid=<1404025815.53afbbd753a19@swift.generated>, proto=SMTP, relay=root@localhost
Jun 29 03:10:15 RHL058 postfix/smtpd[25080]: 87B8C7C2CA0: client=localhost[127.0.0.1]
Jun 29 03:10:15 RHL058 postfix/cleanup[12555]: 87B8C7C2CA0: message-id=<1404025815.53afbbd753a19@swift.generated>
Jun 29 03:10:15 RHL058 sendmail[3691]: s5T46jeE003691: from=<no-reply@grooveshark.com>, size=14958, class=0, nrcpts=1, msgid=<1404025815.53afbbd7541f8@swift.generated>, proto=SMTP, relay=root@localhost
Jun 29 03:10:15 RHL058 postfix/smtpd[11262]: 8DDDD7C2CDD: client=localhost[127.0.0.1]
Jun 29 03:10:15 RHL058 postfix/cleanup[14986]: 8DDDD7C2CDD: message-id=<1404025815.53afbbd7541f8@swift.generated>
Jun 29 03:10:15 RHL058 sendmail[3569]: s5T68YTx003569: to=<calebtusi@yahoo.com>, delay=00:00:00, xdelay=00:00:00, mailer=relay, pri=44951, relay=[127.0.0.1] [127.0.0.1], dsn=2.0.0, stat=Sent (Ok: queued as 87B8C7C2CA0)
Jun 29 03:10:15 RHL058 postfix/qmgr[14505]: 87B8C7C2CA0: from=<no-reply@grooveshark.com>, size=15830, nrcpt=1 (queue active)
Jun 29 03:10:15 RHL058 sendmail[3691]: s5T46jeE003691: to=<ferretred12@gmail.com>, delay=00:00:00, xdelay=00:00:00, mailer=relay, pri=44958, relay=[127.0.0.1] [127.0.0.1], dsn=2.0.0, stat=Sent (Ok: queued as 8DDDD7C2CDD)
Jun 29 03:10:15 RHL058 postfix/qmgr[14505]: 8DDDD7C2CDD: from=<no-reply@grooveshark.com>, size=15841, nrcpt=1 (queue active)
Jun 29 03:10:15 RHL058 postfix/smtp[21284]: connect to gmail-smtp-in.l.google.com[2607:f8b0:4003:c01::1b]:25: Network is unreachable
Jun 29 03:10:15 RHL058 sendmail[3569]: s5T68YU0003569: from=<no-reply@grooveshark.com>, size=14952, class=0, nrcpts=1, msgid=<1404025815.53afbbd79f777@swift.generated>, proto=SMTP, relay=root@localhost
Jun 29 03:10:15 RHL058 postfix/smtpd[25080]: D39467C2D03: client=localhost[127.0.0.1]
Jun 29 03:10:15 RHL058 postfix/cleanup[12556]: D39467C2D03: message-id=<1404025815.53afbbd79f777@swift.generated>
Jun 29 03:10:15 RHL058 sendmail[3691]: s5T46jeF003691: from=<no-reply@grooveshark.com>, size=14961, class=0, nrcpts=1, msgid=<1404025815.53afbbd7a871b@swift.generated>, proto=SMTP, relay=root@localhost
Jun 29 03:10:15 RHL058 postfix/smtpd[11262]: DD5BC7C2D1B: client=localhost[127.0.0.1]
Jun 29 03:10:15 RHL058 postfix/cleanup[14986]: DD5BC7C2D1B: message-id=<1404025815.53afbbd7a871b@swift.generated>
Jun 29 03:10:15 RHL058 sendmail[3569]: s5T68YU0003569: to=<d1abl0360@hotmail.com>, delay=00:00:00, xdelay=00:00:00, mailer=relay, pri=44952, relay=[127.0.0.1] [127.0.0.1], dsn=2.0.0, stat=Sent (Ok: queued as D39467C2D03)
Jun 29 03:10:15 RHL058 postfix/qmgr[14505]: D39467C2D03: from=<no-reply@grooveshark.com>, size=15835, nrcpt=1 (queue active)
Jun 29 03:10:15 RHL058 sendmail[3691]: s5T46jeF003691: to=<woonplaatswhynot@gmail.com>, delay=00:00:00, xdelay=00:00:00, mailer=relay, pri=44961, relay=[127.0.0.1] [127.0.0.1], dsn=2.0.0, stat=Sent (Ok: queued as DD5BC7C2D1B)
Jun 29 03:10:15 RHL058 postfix/qmgr[14505]: DD5BC7C2D1B: from=<no-reply@grooveshark.com>, size=15854, nrcpt=1 (queue active)
Jun 29 03:10:15 RHL058 postfix/smtp[21350]: connect to gmail-smtp-in.l.google.com[2607:f8b0:4003:c01::1b]:25: Network is unreachable
Jun 29 03:10:16 RHL058 postfix/smtp[21288]: D39467C2D03: to=<d1abl0360@hotmail.com>, relay=mx3.hotmail.com[65.55.92.152]:25, delay=0.33, delays=0.06/0/0.09/0.17, dsn=2.0.0, status=sent (250  <1404025815.53afbbd79f777@swift.generated> Queued mail for delivery)
Jun 29 03:10:16 RHL058 postfix/qmgr[14505]: D39467C2D03: removed
Jun 29 03:10:16 RHL058 sendmail[3569]: s5T68YU1003569: from=<no-reply@grooveshark.com>, size=14943, class=0, nrcpts=1, msgid=<1404025815.53afbbd7ee1c3@swift.generated>, proto=SMTP, relay=root@localhost
Jun 29 03:10:16 RHL058 postfix/smtpd[25080]: 324D87C2D03: client=localhost[127.0.0.1]
Jun 29 03:10:16 RHL058 postfix/cleanup[12555]: 324D87C2D03: message-id=<1404025815.53afbbd7ee1c3@swift.generated>
Jun 29 03:10:16 RHL058 sendmail[3691]: s5T46jeG003691: from=<no-reply@grooveshark.com>, size=14947, class=0, nrcpts=1, msgid=<1404025816.53afbbd80309a@swift.generated>, proto=SMTP, relay=root@localhost
Jun 29 03:10:16 RHL058 postfix/smtpd[11262]: 385EC7C2D38: client=localhost[127.0.0.1]
Jun 29 03:10:16 RHL058 postfix/cleanup[14986]: 385EC7C2D38: message-id=<1404025816.53afbbd80309a@swift.generated>
Jun 29 03:10:16 RHL058 sendmail[3569]: s5T68YU1003569: to=<rjgood@gmail.com>, delay=00:00:01, xdelay=00:00:00, mailer=relay, pri=44943, relay=[127.0.0.1] [127.0.0.1], dsn=2.0.0, stat=Sent (Ok: queued as 324D87C2D03)
Jun 29 03:10:16 RHL058 postfix/qmgr[14505]: 324D87C2D03: from=<no-reply@grooveshark.com>, size=15816, nrcpt=1 (queue active)
Jun 29 03:10:16 RHL058 postfix/smtp[21335]: connect to gmail-smtp-in.l.google.com[2607:f8b0:4003:c01::1b]:25: Network is unreachable
Jun 29 03:10:16 RHL058 sendmail[3691]: s5T46jeG003691: to=<nicolav@abv.bg>, delay=00:00:00, xdelay=00:00:00, mailer=relay, pri=44947, relay=[127.0.0.1] [127.0.0.1], dsn=2.0.0, stat=Sent (Ok: queued as 385EC7C2D38)
Jun 29 03:10:16 RHL058 postfix/qmgr[14505]: 385EC7C2D38: from=<no-reply@grooveshark.com>, size=15816, nrcpt=1 (queue active)
Jun 29 03:10:16 RHL058 sendmail[3569]: s5T68YU2003569: from=<no-reply@grooveshark.com>, size=14952, class=0, nrcpts=1, msgid=<1404025816.53afbbd84ba9c@swift.generated>, proto=SMTP, relay=root@localhost
Jun 29 03:10:16 RHL058 postfix/smtpd[25080]: 84ECB7C2D41: client=localhost[127.0.0.1]
Jun 29 03:10:16 RHL058 postfix/cleanup[12556]: 84ECB7C2D41: message-id=<1404025816.53afbbd84ba9c@swift.generated>
Jun 29 03:10:16 RHL058 sendmail[3691]: s5T46jeH003691: from=<no-reply@grooveshark.com>, size=14957, class=0, nrcpts=1, msgid=<1404025816.53afbbd854dec@swift.generated>, proto=SMTP, relay=root@localhost
Jun 29 03:10:16 RHL058 postfix/smtpd[11262]: 8A2D67C2D74: client=localhost[127.0.0.1]
Jun 29 03:10:16 RHL058 postfix/cleanup[14986]: 8A2D67C2D74: message-id=<1404025816.53afbbd854dec@swift.generated>
Jun 29 03:10:16 RHL058 sendmail[3569]: s5T68YU2003569: to=<triggerhappy@abv.bg>, delay=00:00:00, xdelay=00:00:00, mailer=relay, pri=44952, relay=[127.0.0.1] [127.0.0.1], dsn=2.0.0, stat=Sent (Ok: queued as 84ECB7C2D41)
Jun 29 03:10:16 RHL058 postfix/qmgr[14505]: 84ECB7C2D41: from=<no-reply@grooveshark.com>, size=15831, nrcpt=1 (queue active)
Jun 29 03:10:16 RHL058 sendmail[3691]: s5T46jeH003691: to=<grediaz@yahoo.com.mx>, delay=00:00:00, xdelay=00:00:00, mailer=relay, pri=44957, relay=[127.0.0.1] [127.0.0.1], dsn=2.0.0, stat=Sent (Ok: queued as 8A2D67C2D74)
Jun 29 03:10:16 RHL058 postfix/qmgr[14505]: 8A2D67C2D74: from=<no-reply@grooveshark.com>, size=15838, nrcpt=1 (queue active)
Jun 29 03:10:16 RHL058 postfix/smtp[21335]: 324D87C2D03: to=<rjgood@gmail.com>, relay=gmail-smtp-in.l.google.com[173.194.77.27]:25, delay=0.45, delays=0.07/0/0.08/0.31, dsn=2.0.0, status=sent (250 2.0.0 OK 1404025816 t8si20865990oem.68 - gsmtp)
Jun 29 03:10:16 RHL058 postfix/qmgr[14505]: 324D87C2D03: removed
Jun 29 03:10:16 RHL058 postfix/smtp[21350]: DD5BC7C2D1B: to=<woonplaatswhynot@gmail.com>, relay=gmail-smtp-in.l.google.com[173.194.77.27]:25, delay=0.78, delays=0.06/0/0.07/0.65, dsn=2.0.0, status=sent (250 2.0.0 OK 1404025816 di9si20869393oeb.58 - gsmtp)
Jun 29 03:10:16 RHL058 postfix/qmgr[14505]: DD5BC7C2D1B: removed
Jun 29 03:10:16 RHL058 postfix/smtp[21290]: 87B8C7C2CA0: to=<calebtusi@yahoo.com>, relay=mta5.am0.yahoodns.net[98.138.112.35]:25, delay=1.2, delays=0.07/0/0.19/0.94, dsn=2.0.0, status=sent (250 ok dirdel)
Jun 29 03:10:16 RHL058 postfix/qmgr[14505]: 87B8C7C2CA0: removed
Jun 29 03:10:16 RHL058 sendmail[3569]: s5T68YU3003569: from=<no-reply@grooveshark.com>, size=15080, class=0, nrcpts=1, msgid=<1404025816.53afbbd89edfd@swift.generated>, proto=SMTP, relay=root@localhost
Jun 29 03:10:16 RHL058 sendmail[3691]: s5T46jeI003691: from=<no-reply@grooveshark.com>, size=14950, class=0, nrcpts=1, msgid=<1404025816.53afbbd8a7cb4@swift.generated>, proto=SMTP, relay=root@localhost
Jun 29 03:10:16 RHL058 postfix/smtp[21284]: 8DDDD7C2CDD: to=<ferretred12@gmail.com>, relay=gmail-smtp-in.l.google.com[173.194.77.27]:25, delay=1.3, delays=0.06/0/0.07/1.2, dsn=2.0.0, status=sent (250 2.0.0 OK 1404025816 m10si20849894obe.66 - gsmtp)
Jun 29 03:10:16 RHL058 postfix/qmgr[14505]: 8DDDD7C2CDD: removedo
Jun 29 03:10:16 RHL058 postfix/smtpd[11262]: DD1497C2CA0: client=localhost[127.0.0.1]
Jun 29 03:10:16 RHL058 postfix/cleanup[12556]: DD1497C2CA0: message-id=<1404025816.53afbbd8a7cb4@swift.generated>
Jun 29 03:10:16 RHL058 postfix/smtpd[25080]: DEACF7C2CDD: client=localhost[127.0.0.1]
Jun 29 03:10:16 RHL058 postfix/cleanup[14986]: DEACF7C2CDD: message-id=<1404025816.53afbbd89edfd@swift.generated>
Jun 29 03:10:16 RHL058 postfix/qmgr[14505]: DEACF7C2CDD: from=<no-reply@grooveshark.com>, size=15961, nrcpt=1 (queue active)
Jun 29 03:10:16 RHL058 sendmail[3691]: s5T46jeI003691: to=<miu.katy@gmail.com>, delay=00:00:00, xdelay=00:00:00, mailer=relay, pri=44950, relay=[127.0.0.1] [127.0.0.1], dsn=2.0.0, stat=Sent (Ok: queued as DD1497C2CA0)
Jun 29 03:10:16 RHL058 postfix/qmgr[14505]: DD1497C2CA0: from=<no-reply@grooveshark.com>, size=15827, nrcpt=1 (queue active)
Jun 29 03:10:16 RHL058 sendmail[3569]: s5T68YU3003569: to=<homicide61@live.com>, delay=00:00:00, xdelay=00:00:00, mailer=relay, pri=45080, relay=[127.0.0.1] [127.0.0.1], dsn=2.0.0, stat=Sent (Ok: queued as DEACF7C2CDD)
Jun 29 03:10:16 RHL058 postfix/smtp[21294]: connect to gmail-smtp-in.l.google.com[2607:f8b0:4003:c01::1b]:25: Network is unreachable
Jun 29 03:10:17 RHL058 sendmail[3569]: s5T68YU4003569: from=<no-reply@grooveshark.com>, size=14959, class=0, nrcpts=1, msgid=<1404025817.53afbbd9077cf@swift.generated>, proto=SMTP, relay=root@localhost
Jun 29 03:10:17 RHL058 sendmail[3691]: s5T46jeJ003691: from=<no-reply@grooveshark.com>, size=14955, class=0, nrcpts=1, msgid=<1404025817.53afbbd905ff0@swift.generated>, proto=SMTP, relay=root@localhost
Jun 29 03:10:17 RHL058 postfix/smtp[21303]: DEACF7C2CDD: to=<homicide61@live.com>, relay=mx3.hotmail.com[65.55.92.168]:25, delay=0.33, delays=0.05/0.01/0.09/0.18, dsn=2.0.0, status=sent (250  <1404025816.53afbbd89edfd@swift.generated> Queued mail for delivery)
Jun 29 03:10:17 RHL058 postfix/qmgr[14505]: DEACF7C2CDD: removed
Jun 29 03:10:17 RHL058 postfix/smtpd[25080]: 3A5D87C2CDD: client=localhost[127.0.0.1]
Jun 29 03:10:17 RHL058 postfix/cleanup[12556]: 3A5D87C2CDD: message-id=<1404025817.53afbbd9077cf@swift.generated>
Jun 29 03:10:17 RHL058 postfix/smtpd[11262]: 3E3C17C2D03: client=localhost[127.0.0.1]
Jun 29 03:10:17 RHL058 postfix/cleanup[14986]: 3E3C17C2D03: message-id=<1404025817.53afbbd905ff0@swift.generated>
Jun 29 03:10:17 RHL058 sendmail[3569]: s5T68YU4003569: to=<fofoterzoglou@hotmail.gr>, delay=00:00:00, xdelay=00:00:00, mailer=relay, pri=44959, relay=[127.0.0.1] [127.0.0.1], dsn=2.0.0, stat=Sent (Ok: queued as 3A5D87C2CDD)
Jun 29 03:10:17 RHL058 postfix/qmgr[14505]: 3E3C17C2D03: from=<no-reply@grooveshark.com>, size=15836, nrcpt=1 (queue active)
Jun 29 03:10:17 RHL058 postfix/qmgr[14505]: 3A5D87C2CDD: from=<no-reply@grooveshark.com>, size=15848, nrcpt=1 (queue active)
Jun 29 03:10:17 RHL058 sendmail[3691]: s5T46jeJ003691: to=<wsantanax3@gmail.com>, delay=00:00:00, xdelay=00:00:00, mailer=relay, pri=44955, relay=[127.0.0.1] [127.0.0.1], dsn=2.0.0, stat=Sent (Ok: queued as 3E3C17C2D03)
Jun 29 03:10:17 RHL058 postfix/smtp[21335]: connect to gmail-smtp-in.l.google.com[2607:f8b0:4003:c01::1b]:25: Network is unreachable
Jun 29 03:10:17 RHL058 postfix/smtp[21282]: 385EC7C2D38: to=<nicolav@abv.bg>, relay=pmx.abv.bg[194.153.145.75]:25, delay=1.1, delays=0.06/0/0.53/0.56, dsn=2.0.0, status=sent (250 2.0.0 Ok: queued as C69E01000AB)
Jun 29 03:10:17 RHL058 postfix/qmgr[14505]: 385EC7C2D38: removed
Jun 29 03:10:17 RHL058 postfix/smtp[21294]: DD1497C2CA0: to=<miu.katy@gmail.com>, relay=gmail-smtp-in.l.google.com[173.194.77.27]:25, delay=0.66, delays=0.07/0/0.07/0.51, dsn=2.0.0, status=sent (250 2.0.0 OK 1404025817 t6si20856001obd.63 - gsmtp)
Jun 29 03:10:17 RHL058 sendmail[3569]: s5T68YU5003569: from=<no-reply@grooveshark.com>, size=14948, class=0, nrcpts=1, msgid=<1404025817.53afbbd95b2ea@swift.generated>, proto=SMTP, relay=root@localhost
Jun 29 03:10:17 RHL058 postfix/qmgr[14505]: DD1497C2CA0: removed
Jun 29 03:10:17 RHL058 postfix/smtpd[25080]: 8BE6E7C2CA0: client=localhost[127.0.0.1]
Jun 29 03:10:17 RHL058 postfix/cleanup[12556]: 8BE6E7C2CA0: message-id=<1404025817.53afbbd95b2ea@swift.generated>
Jun 29 03:10:17 RHL058 sendmail[3691]: s5T46jeK003691: from=<no-reply@grooveshark.com>, size=14967, class=0, nrcpts=1, msgid=<1404025817.53afbbd95b50c@swift.generated>, proto=SMTP, relay=root@localhost
Jun 29 03:10:17 RHL058 postfix/smtpd[11262]: 920787C2D1B: client=localhost[127.0.0.1]
Jun 29 03:10:17 RHL058 postfix/cleanup[14986]: 920787C2D1B: message-id=<1404025817.53afbbd95b50c@swift.generated>
Jun 29 03:10:17 RHL058 sendmail[3569]: s5T68YU5003569: to=<zipo93@abv.bg>, delay=00:00:00, xdelay=00:00:00, mailer=relay, pri=44948, relay=[127.0.0.1] [127.0.0.1], dsn=2.0.0, stat=Sent (Ok: queued as 8BE6E7C2CA0)
Jun 29 03:10:17 RHL058 postfix/qmgr[14505]: 8BE6E7C2CA0: from=<no-reply@grooveshark.com>, size=15815, nrcpt=1 (queue active)
Jun 29 03:10:17 RHL058 postfix/smtp[21281]: 84ECB7C2D41: to=<triggerhappy@abv.bg>, relay=pmx.abv.bg[194.153.145.10]:25, delay=1.1, delays=0.07/0/0.5/0.54, dsn=2.0.0, status=sent (250 2.0.0 Ok: queued as 1EDBA1C007A)
Jun 29 03:10:17 RHL058 postfix/qmgr[14505]: 84ECB7C2D41: removed
Jun 29 03:10:17 RHL058 sendmail[3691]: s5T46jeK003691: to=<thecheesedreamer@gmail.com>, delay=00:00:00, xdelay=00:00:00, mailer=relay, pri=44967, relay=[127.0.0.1] [127.0.0.1], dsn=2.0.0, stat=Sent (Ok: queued as 920787C2D1B)
Jun 29 03:10:17 RHL058 postfix/qmgr[14505]: 920787C2D1B: from=<no-reply@grooveshark.com>, size=15860, nrcpt=1 (queue active)
Jun 29 03:10:17 RHL058 postfix/smtp[21346]: 3A5D87C2CDD: to=<fofoterzoglou@hotmail.gr>, relay=mx1.hotmail.com[65.55.37.104]:25, delay=0.43, delays=0.07/0/0.13/0.22, dsn=2.0.0, status=sent (250  <1404025817.53afbbd9077cf@swift.generated> Queued mail for delivery)
Jun 29 03:10:17 RHL058 postfix/qmgr[14505]: 3A5D87C2CDD: removed
Jun 29 03:10:17 RHL058 postfix/smtp[21304]: connect to gmail-smtp-in.l.google.com[2607:f8b0:4003:c01::1b]:25: Network is unreachable
Jun 29 03:10:17 RHL058 postfix/smtp[21286]: 8A2D67C2D74: to=<grediaz@yahoo.com.mx>, relay=mta7.am0.yahoodns.net[98.138.112.35]:25, delay=1.2, delays=0.07/0/0.13/0.98, dsn=2.0.0, status=sent (250 ok dirdel)
Jun 29 03:10:17 RHL058 postfix/qmgr[14505]: 8A2D67C2D74: removed
Jun 29 03:10:17 RHL058 sendmail[3569]: s5T68YU6003569: from=<no-reply@grooveshark.com>, size=14955, class=0, nrcpts=1, msgid=<1404025817.53afbbd9a5fb7@swift.generated>, proto=SMTP, relay=root@localhost
Jun 29 03:10:17 RHL058 postfix/smtpd[25080]: DBA347C2CDD: client=localhost[127.0.0.1]
Jun 29 03:10:17 RHL058 postfix/cleanup[12556]: DBA347C2CDD: message-id=<1404025817.53afbbd9a5fb7@swift.generated>
Jun 29 03:10:17 RHL058 postfix/smtp[21335]: 3E3C17C2D03: to=<wsantanax3@gmail.com>, relay=gmail-smtp-in.l.google.com[173.194.77.27]:25, delay=0.69, delays=0.04/0.01/0.08/0.56, dsn=2.0.0, status=sent (250 2.0.0 OK 1404025817 e4si20873796oeo.55 - gsmtp)
Jun 29 03:10:17 RHL058 postfix/qmgr[14505]: 3E3C17C2D03: removed
Jun 29 03:10:17 RHL058 postfix/qmgr[14505]: DBA347C2CDD: from=<no-reply@grooveshark.com>, size=15834, nrcpt=1 (queue active)
Jun 29 03:10:17 RHL058 sendmail[3569]: s5T68YU6003569: to=<feiranrei@gmail.com>, delay=00:00:00, xdelay=00:00:00, mailer=relay, pri=44955, relay=[127.0.0.1] [127.0.0.1], dsn=2.0.0, stat=Sent (Ok: queued as DBA347C2CDD)
Jun 29 03:10:17 RHL058 postfix/smtp[21316]: connect to gmail-smtp-in.l.google.com[2607:f8b0:4003:c01::1b]:25: Network is unreachable
Jun 29 03:10:18 RHL058 postfix/smtp[21304]: 920787C2D1B: to=<thecheesedreamer@gmail.com>, relay=gmail-smtp-in.l.google.com[173.194.77.27]:25, delay=0.57, delays=0.06/0/0.08/0.43, dsn=2.0.0, status=sent (250 2.0.0 OK 1404025818 bk4si20869922oec.67 - gsmtp)
Jun 29 03:10:18 RHL058 postfix/qmgr[14505]: 920787C2D1B: removed
Jun 29 03:10:18 RHL058 sendmail[3569]: s5T68YU7003569: from=<no-reply@grooveshark.com>, size=14964, class=0, nrcpts=1, msgid=<1404025818.53afbbda00acb@swift.generated>, proto=SMTP, relay=root@localhost
Jun 29 03:10:18 RHL058 postfix/smtpd[25080]: 336067C2D03: client=localhost[127.0.0.1]
Jun 29 03:10:18 RHL058 postfix/cleanup[14986]: 336067C2D03: message-id=<1404025818.53afbbda00acb@swift.generated>
Jun 29 03:10:18 RHL058 sendmail[3691]: s5T46jeL003691: from=<no-reply@grooveshark.com>, size=14962, class=0, nrcpts=1, msgid=<1404025817.53afbbd9af278@swift.generated>, proto=SMTP, relay=root@localhost
Jun 29 03:10:18 RHL058 postfix/smtpd[11262]: 4011E7C2D1B: client=localhost[127.0.0.1]
Jun 29 03:10:18 RHL058 postfix/cleanup[12556]: 4011E7C2D1B: message-id=<1404025817.53afbbd9af278@swift.generated>
Jun 29 03:10:18 RHL058 postfix/qmgr[14505]: 336067C2D03: from=<no-reply@grooveshark.com>, size=15853, nrcpt=1 (queue active)
Jun 29 03:10:18 RHL058 sendmail[3569]: s5T68YU7003569: to=<marianopastene@gmail.com>, delay=00:00:00, xdelay=00:00:00, mailer=relay, pri=44964, relay=[127.0.0.1] [127.0.0.1], dsn=2.0.0, stat=Sent (Ok: queued as 336067C2D03)
Jun 29 03:10:18 RHL058 sendmail[3691]: s5T46jeL003691: to=<keepsake@mail.bg>, delay=00:00:00, xdelay=00:00:00, mailer=relay, pri=44962, relay=[127.0.0.1] [127.0.0.1], dsn=2.0.0, stat=Sent (Ok: queued as 4011E7C2D1B)
Jun 29 03:10:18 RHL058 postfix/qmgr[14505]: 4011E7C2D1B: from=<no-reply@grooveshark.com>, size=15835, nrcpt=1 (queue active)
Jun 29 03:10:18 RHL058 postfix/smtp[21285]: connect to mx-balancer.mail.bg[2001:67c:16b8::ffff:2]:25: Network is unreachable
Jun 29 03:10:18 RHL058 postfix/smtp[21316]: DBA347C2CDD: to=<feiranrei@gmail.com>, relay=gmail-smtp-in.l.google.com[173.194.77.27]:25, delay=0.68, delays=0.06/0/0.08/0.55, dsn=2.0.0, status=sent (250 2.0.0 OK 1404025818 u12si20869416oeo.60 - gsmtp)
Jun 29 03:10:18 RHL058 postfix/qmgr[14505]: DBA347C2CDD: removed
Jun 29 03:10:18 RHL058 postfix/smtp[21345]: 8BE6E7C2CA0: to=<zipo93@abv.bg>, relay=pmx.abv.bg[194.153.145.10]:25, delay=1.1, delays=0.07/0/0.49/0.53, dsn=2.0.0, status=sent (250 2.0.0 Ok: queued as 248C11C0089)
Jun 29 03:10:18 RHL058 postfix/qmgr[14505]: 8BE6E7C2CA0: removed
Jun 29 03:10:18 RHL058 postfix/smtp[21295]: 336067C2D03: to=<marianopastene@gmail.com>, relay=gmail-smtp-in.l.google.com[173.194.77.27]:25, conn_use=2, delay=0.7, delays=0.07/0/0.03/0.6, dsn=2.0.0, status=sent (250 2.0.0 OK 1404025818 bk4si20869922oec.67 - gsmtp)
Jun 29 03:10:18 RHL058 postfix/qmgr[14505]: 336067C2D03: removed
Jun 29 03:10:21 RHL058 postfix/smtp[21285]: 4011E7C2D1B: to=<keepsake@mail.bg>, relay=mx-balancer.mail.bg[193.201.172.96]:25, delay=3.4, delays=0.07/0/2.5/0.82, dsn=2.0.0, status=sent (250 2.0.0 Ok: queued as DCBEB60005BF)
Jun 29 03:10:21 RHL058 postfix/qmgr[14505]: 4011E7C2D1B: removed
Jun 29 03:10:22 RHL058 postfix/smtp[14946]: connect to 333.com[50.57.34.52]:25: Connection timed out
Jun 29 03:10:22 RHL058 postfix/smtp[7598]: connect to unioncityschools.com[208.87.149.250]:25: Connection timed out
Jun 29 03:10:22 RHL058 postfix/smtp[14885]: connect to myopera.com[37.228.108.245]:25: Connection timed out
Jun 29 03:10:22 RHL058 postfix/smtp[14922]: connect to groovylists.com[54.194.233.170]:25: Connection timed out
Jun 29 03:10:22 RHL058 postfix/smtp[7598]: C87817C5A90: to=<hunterconine@unioncityschools.com>, relay=none, delay=38237, delays=38207/0/30/0, dsn=4.4.1, status=deferred (connect to unioncityschools.com[208.87.149.250]:25: Connection timed out)
Jun 29 03:10:22 RHL058 postfix/smtp[14885]: CD42E7C2C61: to=<da49ba@myopera.com>, relay=none, delay=414330, delays=414300/0/30/0, dsn=4.4.1, status=deferred (connect to myopera.com[37.228.108.245]:25: Connection timed out)
Jun 29 03:10:22 RHL058 postfix/smtp[21239]: connect to chrome.com[216.239.32.27]:25: Connection timed out
Jun 29 03:10:22 RHL058 postfix/smtp[14946]: C12CE7C5D1C: to=<trexxx@333.com>, relay=none, delay=392697, delays=392667/0/30/0, dsn=4.4.1, status=deferred (connect to 333.com[50.57.34.52]:25: Connection timed out)
Jun 29 03:10:22 RHL058 postfix/smtp[21239]: 196F57C6C9A: to=<clcunningham@chrome.com>, relay=none, delay=84426, delays=84396/0.01/30/0, dsn=4.4.1, status=deferred (connect to chrome.com[216.239.32.27]:25: Connection timed out)
Jun 29 03:10:22 RHL058 postfix/smtp[7624]: connect to someone.com[205.178.189.129]:25: Connection timed out
Jun 29 03:10:22 RHL058 postfix/smtp[7624]: CABEF7C6555: to=<adriann@someone.com>, relay=none, delay=80188, delays=80158/0/30/0, dsn=4.4.1, status=deferred (connect to someone.com[205.178.189.129]:25: Connection timed out)
Jun 29 03:10:22 RHL058 postfix/smtp[21258]: connect to groovylists.com[54.194.233.170]:25: Connection timed out
Jun 29 03:10:22 RHL058 postfix/smtp[21252]: connect to luce.con.mx[192.64.147.205]:25: Connection timed out
Jun 29 03:10:22 RHL058 postfix/smtp[21266]: connect to windowlsive.com[65.55.39.10]:25: Connection timed out
Jun 29 03:10:22 RHL058 postfix/smtp[21273]: connect to cherrycreek.org[209.40.194.254]:25: Connection timed out
Jun 29 03:10:22 RHL058 postfix/smtp[21252]: 8A4707C918F: to=<kabutojc@luce.con.mx>, relay=none, delay=130685, delays=130655/0.06/30/0, dsn=4.4.1, status=deferred (connect to luce.con.mx[192.64.147.205]:25: Connection timed out)
Jun 29 03:10:22 RHL058 postfix/smtp[21273]: 41AAF7C38FE: to=<badajar@cherrycreek.org>, relay=none, delay=223159, delays=223129/0.13/30/0, dsn=4.4.1, status=deferred (connect to cherrycreek.org[209.40.194.254]:25: Connection timed out)
Jun 29 03:10:22 RHL058 postfix/smtp[14943]: connect to gmail.com.br[64.233.160.18]:25: Connection timed out
Jun 29 03:10:22 RHL058 postfix/smtp[14883]: connect to outook.com[216.55.178.173]:25: Connection timed out
Jun 29 03:10:22 RHL058 postfix/smtp[21277]: connect to homail.com[65.55.39.10]:25: Connection timed out
Jun 29 03:10:22 RHL058 postfix/smtp[21279]: connect to alo.com[211.106.65.112]:25: Connection timed out
Jun 29 03:10:22 RHL058 postfix/smtp[27336]: connect to homail.com[64.4.6.100]:25: Connection timed out
Jun 29 03:10:22 RHL058 postfix/smtp[21263]: connect to alo.com[211.106.65.112]:25: Connection timed out
Jun 29 03:10:23 RHL058 postfix/smtp[21262]: connect to terra.es[208.84.244.10]:25: Connection timed out
Jun 29 03:10:23 RHL058 postfix/smtp[21283]: connect to 333.com[50.57.34.52]:25: Connection timed out
Jun 29 03:10:23 RHL058 postfix/smtp[21262]: B03727C90F5: to=<jizsanz@terra.es>, relay=none, delay=126533, delays=126503/0.19/30/0, dsn=4.4.1, status=deferred (connect to terra.es[208.84.244.10]:25: Connection timed out)
Jun 29 03:10:23 RHL058 postfix/smtp[14878]: connect to gmail.co[64.233.160.19]:25: Connection timed out
Jun 29 03:10:23 RHL058 postfix/smtp[21283]: 29F107C2FE1: to=<trexxx@333.com>, relay=none, delay=366598, delays=366568/0.2/30/0, dsn=4.4.1, status=deferred (connect to 333.com[50.57.34.52]:25: Connection timed out)
Jun 29 03:10:23 RHL058 postfix/smtp[21255]: connect to tumbler.com[216.134.222.69]:25: Connection timed out
Jun 29 03:10:23 RHL058 postfix/smtp[21255]: 804C87C3087: to=<roqueskimski@tumbler.com>, relay=none, delay=273536, delays=273505/0.07/30/0, dsn=4.4.1, status=deferred (connect to tumbler.com[216.134.222.69]:25: Connection timed out)
Jun 29 03:10:23 RHL058 postfix/smtp[21292]: connect to someone.com[205.178.189.129]:25: Connection timed out
Jun 29 03:10:23 RHL058 postfix/smtp[21287]: connect to grooveshark.co.uk[216.55.178.173]:25: Connection timed out
Jun 29 03:10:23 RHL058 postfix/smtp[21292]: 9985C7C3135: to=<adriann@someone.com>, relay=none, delay=323904, delays=323874/0.28/30/0, dsn=4.4.1, status=deferred (connect to someone.com[205.178.189.129]:25: Connection timed out)
Jun 29 03:10:23 RHL058 postfix/smtp[21289]: connect to chrome.com[216.239.32.27]:25: Connection timed out
Jun 29 03:10:23 RHL058 postfix/smtp[21289]: 96BFC7C2BA5: to=<clcunningham@chrome.com>, relay=none, delay=221100, delays=221070/0.26/30/0, dsn=4.4.1, status=deferred (connect to chrome.com[216.239.32.27]:25: Connection timed out)
Jun 29 03:10:23 RHL058 postfix/smtp[14899]: connect to outllook.com[64.4.6.100]:25: Connection timed out
Jun 29 03:10:23 RHL058 postfix/smtp[21249]: connect to any-rc.a01.yahoodns.net[98.139.102.145]:25: Connection timed out
Jun 29 03:10:23 RHL058 postfix/smtp[21293]: connect to any-rc.a01.yahoodns.net[68.142.243.179]:25: Connection timed out
Jun 29 03:10:23 RHL058 postfix/smtp[21291]: connect to any-rc.a01.yahoodns.net[68.180.206.184]:25: Connection timed out
Jun 29 03:10:23 RHL058 postfix/smtp[21263]: connect to alo.com[211.106.65.111]:25: Connection refused
Jun 29 03:10:23 RHL058 postfix/smtp[21279]: connect to alo.com[211.106.65.111]:25: Connection refused
Jun 29 03:10:23 RHL058 postfix/smtp[21279]: D4E347C2DFA: to=<littelred@alo.com>, relay=none, delay=232195, delays=232165/0.17/30/0, dsn=4.4.1, status=deferred (connect to alo.com[211.106.65.111]:25: Connection refused)
Jun 29 03:10:23 RHL058 postfix/smtp[21300]: connect to mail.gmall.net[77.95.250.10]:25: Connection timed out
Jun 29 03:10:23 RHL058 postfix/smtp[21301]: connect to unioncityschools.com[208.87.149.250]:25: Connection timed out
Jun 29 03:10:23 RHL058 postfix/smtp[21263]: B411F7C2E29: to=<littelred@alo.com>, relay=none, delay=220809, delays=220779/0.17/30/0, dsn=4.4.1, status=deferred (connect to alo.com[211.106.65.111]:25: Connection refused)
Jun 29 03:10:23 RHL058 postfix/smtp[21302]: connect to any-rc.a01.yahoodns.net[68.180.206.184]:25: Connection timed out
Jun 29 03:10:23 RHL058 postfix/smtp[21300]: 0E8917C2A57: to=<bellasoth@gmall.net>, relay=none, delay=214576, delays=214546/0.33/30/0, dsn=4.4.1, status=deferred (connect to mail.gmall.net[77.95.250.10]:25: Connection timed out)
Jun 29 03:10:23 RHL058 postfix/smtp[21301]: 03A8D7C6CF9: to=<hunterconine@unioncityschools.com>, relay=none, delay=391040, delays=391010/0.34/30/0, dsn=4.4.1, status=deferred (connect to unioncityschools.com[208.87.149.250]:25: Connection timed out)
Jun 29 03:10:23 RHL058 postfix/smtp[21307]: connect to htomail.com[64.4.6.100]:25: Connection timed out
Jun 29 03:10:23 RHL058 postfix/smtp[21308]: connect to any-rc.a01.yahoodns.net[68.180.206.184]:25: Connection timed out
Jun 29 03:10:23 RHL058 postfix/smtp[14939]: connect to hormail.com[65.55.39.12]:25: Connection timed out
Jun 29 03:10:23 RHL058 postfix/smtp[21296]: connect to hotail.com[65.55.39.10]:25: Connection timed out
Jun 29 03:10:23 RHL058 postfix/smtp[21318]: connect to amyspets.com[109.68.33.25]:25: Connection timed out
Jun 29 03:10:23 RHL058 postfix/smtp[21318]: 32D967C6C08: to=<amy@amyspets.com>, relay=none, delay=197956, delays=197926/0.4/30/0, dsn=4.4.1, status=deferred (connect to amyspets.com[109.68.33.25]:25: Connection timed out)
Jun 29 03:10:23 RHL058 postfix/smtp[21337]: connect to surry.county.com[205.178.189.129]:25: Connection timed out
Jun 29 03:10:23 RHL058 postfix/smtp[21341]: connect to unioncityschools.com[208.87.149.250]:25: Connection timed out
Jun 29 03:10:23 RHL058 postfix/smtp[21337]: 58EA57C6BDD: to=<t_tindall25@surry.county.com>, relay=none, delay=189531, delays=189500/0.43/30/0, dsn=4.4.1, status=deferred (connect to surry.county.com[205.178.189.129]:25: Connection timed out)
Jun 29 03:10:23 RHL058 postfix/smtp[21344]: connect to chrome.com[216.239.32.27]:25: Connection timed out
Jun 29 03:10:23 RHL058 postfix/smtp[21341]: EFBF77C63E1: to=<hunterconine@unioncityschools.com>, relay=none, delay=206254, delays=206224/0.44/30/0, dsn=4.4.1, status=deferred (connect to unioncityschools.com[208.87.149.250]:25: Connection timed out)
Jun 29 03:10:23 RHL058 postfix/smtp[21347]: connect to hotmal.com[65.55.39.10]:25: Connection timed out
Jun 29 03:10:23 RHL058 postfix/smtp[21246]: connect to 1345.org[50.57.34.52]:25: Connection timed out
Jun 29 03:10:23 RHL058 postfix/smtp[21348]: connect to homail.com[65.55.39.10]:25: Connection timed out
Jun 29 03:10:23 RHL058 postfix/smtp[21344]: E05E77C3B58: to=<clcunningham@chrome.com>, relay=none, delay=386908, delays=386878/0.46/30/0, dsn=4.4.1, status=deferred (connect to chrome.com[216.239.32.27]:25: Connection timed out)
Jun 29 03:10:23 RHL058 postfix/smtp[21246]: 518597C5BE7: to=<measter@1345.org>, relay=none, delay=195959, delays=195928/0.41/30/0, dsn=4.4.1, status=deferred (connect to 1345.org[50.57.34.52]:25: Connection timed out)
Jun 29 03:10:23 RHL058 postfix/smtp[21342]: connect to bmx.com[96.45.82.61]:25: Connection timed out
Jun 29 03:10:23 RHL058 postfix/smtp[21299]: connect to groovylists.com[54.194.233.170]:25: Connection timed out
Jun 29 03:10:23 RHL058 postfix/smtp[21333]: connect to mail.test1.com[109.234.198.28]:25: Connection timed out
Jun 29 03:10:23 RHL058 postfix/smtp[21333]: 503527C2E12: to=<20140623gs@test1.com>, relay=none, delay=393324, delays=393293/0.41/30/0, dsn=4.4.1, status=deferred (connect to mail.test1.com[109.234.198.28]:25: Connection timed out)
Jun 29 03:10:23 RHL058 postfix/smtp[21334]: connect to gmaio.com[95.211.117.206]:25: Connection timed out
Jun 29 03:10:23 RHL058 postfix/smtp[21274]: connect to 13456.com[103.26.181.73]:25: Connection timed out
Jun 29 03:10:23 RHL058 postfix/smtp[21274]: 41A617C2CE5: to=<whatsoever@13456.com>, relay=none, delay=198320, delays=198290/0.13/31/0, dsn=4.4.1, status=deferred (connect to 13456.com[103.26.181.73]:25: Connection timed out)
Jun 29 03:10:23 RHL058 postfix/smtp[21311]: connect to poppy.com[212.36.97.12]:25: Connection timed out
Jun 29 03:10:23 RHL058 postfix/smtp[21311]: 09EEB7C9072: to=<esleclerc@poppy.com>, relay=none, delay=265020, delays=264989/0.38/30/0, dsn=4.4.1, status=deferred (connect to poppy.com[212.36.97.12]:25: Connection timed out)
Jun 29 03:10:24 RHL058 postfix/smtp[21275]: connect to dc-ad8a272a.grooveshark.com[8.20.213.73]:25: Connection timed out
Jun 29 03:10:25 RHL058 postfix/smtp[14863]: connect to diqu123.chengshu.com[114.66.218.120]:25: Connection timed out
Jun 29 03:10:25 RHL058 postfix/smtp[14863]: 1AD167C2E33: to=<randomosity@diqu123.chengshu.com>, relay=none, delay=199484, delays=199452/0/32/0, dsn=4.4.1, status=deferred (connect to diqu123.chengshu.com[114.66.218.120]:25: Connection timed out)
Jun 29 03:10:27 RHL058 sendmail[3569]: s5T68YU8003569: from=<no-reply@grooveshark.com>, size=25370, class=0, nrcpts=1, msgid=<1404025827.53afbbe3472f8@swift.generated>, proto=SMTP, relay=root@localhost
Jun 29 03:10:27 RHL058 postfix/smtpd[25080]: 98D747C2FF2: client=localhost[127.0.0.1]
Jun 29 03:10:27 RHL058 postfix/cleanup[14986]: 98D747C2FF2: message-id=<1404025827.53afbbe3472f8@swift.generated>
Jun 29 03:10:27 RHL058 sendmail[3569]: s5T68YU8003569: to=<leochungid@gmail.com>, delay=00:00:00, xdelay=00:00:00, mailer=relay, pri=55370, relay=[127.0.0.1] [127.0.0.1], dsn=2.0.0, stat=Sent (Ok: queued as 98D747C2FF2)
Jun 29 03:10:27 RHL058 postfix/qmgr[14505]: 98D747C2FF2: from=<no-reply@grooveshark.com>, size=26587, nrcpt=1 (queue active)
Jun 29 03:10:27 RHL058 postfix/smtp[21294]: connect to gmail-smtp-in.l.google.com[2607:f8b0:4003:c01::1b]:25: Network is unreachable
Jun 29 03:10:28 RHL058 postfix/smtp[21294]: 98D747C2FF2: to=<leochungid@gmail.com>, relay=gmail-smtp-in.l.google.com[173.194.77.27]:25, delay=0.65, delays=0.06/0/0.08/0.51, dsn=2.0.0, status=sent (250 2.0.0 OK 1404025828 p14si20887078oel.23 - gsmtp)
Jun 29 03:10:28 RHL058 postfix/qmgr[14505]: 98D747C2FF2: removed
Jun 29 03:10:36 RHL058 sendmail[3691]: s5T46jeM003691: from=<no-reply@grooveshark.com>, size=15178, class=0, nrcpts=1, msgid=<1404025836.53afbbec1df8c@swift.generated>, proto=SMTP, relay=root@localhost
Jun 29 03:10:36 RHL058 sendmail[3569]: s5T68YU9003569: from=<no-reply@grooveshark.com>, size=15179, class=0, nrcpts=1, msgid=<1404025836.53afbbec1d67f@swift.generated>, proto=SMTP, relay=root@localhost
Jun 29 03:10:36 RHL058 postfix/smtpd[25080]: 545B67C2FF2: client=localhost[127.0.0.1]
Jun 29 03:10:36 RHL058 postfix/cleanup[12556]: 545B67C2FF2: message-id=<1404025836.53afbbec1d67f@swift.generated>
Jun 29 03:10:36 RHL058 postfix/smtpd[11262]: 55B2B7C302F: client=localhost[127.0.0.1]
Jun 29 03:10:36 RHL058 postfix/cleanup[14986]: 55B2B7C302F: message-id=<1404025836.53afbbec1df8c@swift.generated>
Jun 29 03:10:36 RHL058 sendmail[3569]: s5T68YU9003569: to=<ainsleybean@gmail.com>, delay=00:00:00, xdelay=00:00:00, mailer=relay, pri=45179, relay=[127.0.0.1] [127.0.0.1], dsn=2.0.0, stat=Sent (Ok: queued as 545B67C2FF2)
Jun 29 03:10:36 RHL058 postfix/qmgr[14505]: 545B67C2FF2: from=<no-reply@grooveshark.com>, size=16065, nrcpt=1 (queue active)
Jun 29 03:10:36 RHL058 postfix/qmgr[14505]: 55B2B7C302F: from=<no-reply@grooveshark.com>, size=16060, nrcpt=1 (queue active)
Jun 29 03:10:36 RHL058 sendmail[3691]: s5T46jeM003691: to=<minimaudet3@shaw.ca>, delay=00:00:00, xdelay=00:00:00, mailer=relay, pri=45178, relay=[127.0.0.1] [127.0.0.1], dsn=2.0.0, stat=Sent (Ok: queued as 55B2B7C302F)
Jun 29 03:10:36 RHL058 postfix/smtp[21286]: connect to gmail-smtp-in.l.google.com[2607:f8b0:4003:c01::1b]:25: Network is unreachable
Jun 29 03:10:36 RHL058 sendmail[3569]: s5T68YUA003569: from=<no-reply@grooveshark.com>, size=15170, class=0, nrcpts=1, msgid=<1404025836.53afbbec6cbb2@swift.generated>, proto=SMTP, relay=root@localhost
Jun 29 03:10:36 RHL058 postfix/smtpd[25080]: A88827C3047: client=localhost[127.0.0.1]
Jun 29 03:10:36 RHL058 postfix/cleanup[12556]: A88827C3047: message-id=<1404025836.53afbbec6cbb2@swift.generated>
Jun 29 03:10:36 RHL058 sendmail[3691]: s5T46jeN003691: from=<no-reply@grooveshark.com>, size=15181, class=0, nrcpts=1, msgid=<1404025836.53afbbec774a8@swift.generated>, proto=SMTP, relay=root@localhost
Jun 29 03:10:36 RHL058 postfix/smtpd[11262]: B01757C3049: client=localhost[127.0.0.1]
Jun 29 03:10:36 RHL058 postfix/cleanup[14986]: B01757C3049: message-id=<1404025836.53afbbec774a8@swift.generated>
Jun 29 03:10:36 RHL058 sendmail[3569]: s5T68YUA003569: to=<seleekpa@gmail.com>, delay=00:00:00, xdelay=00:00:00, mailer=relay, pri=45170, relay=[127.0.0.1] [127.0.0.1], dsn=2.0.0, stat=Sent (Ok: queued as A88827C3047)
Jun 29 03:10:36 RHL058 postfix/qmgr[14505]: A88827C3047: from=<no-reply@grooveshark.com>, size=16050, nrcpt=1 (queue active)
Jun 29 03:10:36 RHL058 postfix/smtp[21288]: connect to gmail-smtp-in.l.google.com[2607:f8b0:4003:c01::1b]:25: Network is unreachable
Jun 29 03:10:36 RHL058 postfix/qmgr[14505]: B01757C3049: from=<no-reply@grooveshark.com>, size=16065, nrcpt=1 (queue active)
Jun 29 03:10:36 RHL058 sendmail[3691]: s5T46jeN003691: to=<mmmo_100@hotmail.com>, delay=00:00:00, xdelay=00:00:00, mailer=relay, pri=45181, relay=[127.0.0.1] [127.0.0.1], dsn=2.0.0, stat=Sent (Ok: queued as B01757C3049)
Jun 29 03:10:36 RHL058 postfix/smtp[21349]: 55B2B7C302F: to=<minimaudet3@shaw.ca>, relay=idcmail.shaw.ca[64.59.134.8]:25, delay=0.64, delays=0.07/0/0.2/0.37, dsn=2.0.0, status=sent (250 ok:  Message 405319089 accepted)
Jun 29 03:10:36 RHL058 postfix/qmgr[14505]: 55B2B7C302F: removed
Jun 29 03:10:36 RHL058 sendmail[3569]: s5T68YUB003569: from=<no-reply@grooveshark.com>, size=15173, class=0, nrcpts=1, msgid=<1404025836.53afbbecc2b5c@swift.generated>, proto=SMTP, relay=root@localhost
Jun 29 03:10:37 RHL058 postfix/smtpd[25080]: 053C97C302F: client=localhost[127.0.0.1]
Jun 29 03:10:37 RHL058 postfix/cleanup[12556]: 053C97C302F: message-id=<1404025836.53afbbecc2b5c@swift.generated>
Jun 29 03:10:37 RHL058 postfix/smtp[21321]: B01757C3049: to=<mmmo_100@hotmail.com>, relay=mx3.hotmail.com[207.46.8.199]:25, delay=0.3, delays=0.05/0/0.09/0.16, dsn=2.0.0, status=sent (250  <1404025836.53afbbec774a8@swift.generated> Queued mail for delivery)
Jun 29 03:10:37 RHL058 postfix/qmgr[14505]: B01757C3049: removed
Jun 29 03:10:37 RHL058 sendmail[3691]: s5T46jeO003691: from=<no-reply@grooveshark.com>, size=15178, class=0, nrcpts=1, msgid=<1404025836.53afbbeccc64d@swift.generated>, proto=SMTP, relay=root@localhost
Jun 29 03:10:37 RHL058 postfix/smtpd[11262]: 0E8FF7C3049: client=localhost[127.0.0.1]
Jun 29 03:10:37 RHL058 postfix/cleanup[14986]: 0E8FF7C3049: message-id=<1404025836.53afbbeccc64d@swift.generated>
Jun 29 03:10:37 RHL058 postfix/qmgr[14505]: 053C97C302F: from=<no-reply@grooveshark.com>, size=16063, nrcpt=1 (queue active)
Jun 29 03:10:37 RHL058 sendmail[3569]: s5T68YUB003569: to=<ilovekats9987@gmail.com>, delay=00:00:01, xdelay=00:00:00, mailer=relay, pri=45173, relay=[127.0.0.1] [127.0.0.1], dsn=2.0.0, stat=Sent (Ok: queued as 053C97C302F)
Jun 29 03:10:37 RHL058 postfix/smtp[14885]: connect to gmail-smtp-in.l.google.com[2607:f8b0:4003:c01::1b]:25: Network is unreachable
Jun 29 03:10:37 RHL058 sendmail[3691]: s5T46jeO003691: to=<cclason1@hotmail.com>, delay=00:00:01, xdelay=00:00:00, mailer=relay, pri=45178, relay=[127.0.0.1] [127.0.0.1], dsn=2.0.0, stat=Sent (Ok: queued as 0E8FF7C3049)
Jun 29 03:10:37 RHL058 postfix/qmgr[14505]: 0E8FF7C3049: from=<no-reply@grooveshark.com>, size=16062, nrcpt=1 (queue active)
Jun 29 03:10:37 RHL058 postfix/smtp[21286]: 545B67C2FF2: to=<ainsleybean@gmail.com>, relay=gmail-smtp-in.l.google.com[173.194.77.27]:25, delay=1, delays=0.06/0.01/0.08/0.85, dsn=2.0.0, status=sent (250 2.0.0 OK 1404025837 qj9si20868320obb.45 - gsmtp)
Jun 29 03:10:37 RHL058 postfix/qmgr[14505]: 545B67C2FF2: removed
Jun 29 03:10:37 RHL058 sendmail[3569]: s5T68YUC003569: from=<no-reply@grooveshark.com>, size=15177, class=0, nrcpts=1, msgid=<1404025837.53afbbed22635@swift.generated>, proto=SMTP, relay=root@localhost
Jun 29 03:10:37 RHL058 postfix/smtpd[25080]: 5AA747C2FF2: client=localhost[127.0.0.1]
Jun 29 03:10:37 RHL058 postfix/cleanup[12556]: 5AA747C2FF2: message-id=<1404025837.53afbbed22635@swift.generated>
Jun 29 03:10:37 RHL058 sendmail[3569]: s5T68YUC003569: to=<colin_girardin@hotmail.com>, delay=00:00:00, xdelay=00:00:00, mailer=relay, pri=45177, relay=[127.0.0.1] [127.0.0.1], dsn=2.0.0, stat=Sent (Ok: queued as 5AA747C2FF2)
Jun 29 03:10:37 RHL058 postfix/qmgr[14505]: 5AA747C2FF2: from=<no-reply@grooveshark.com>, size=16073, nrcpt=1 (queue active)
Jun 29 03:10:37 RHL058 postfix/smtp[21288]: A88827C3047: to=<seleekpa@gmail.com>, relay=gmail-smtp-in.l.google.com[173.194.77.27]:25, delay=0.89, delays=0.07/0/0.08/0.74, dsn=2.0.0, status=sent (250 2.0.0 OK 1404025837 lg8si20863557oeb.81 - gsmtp)
Jun 29 03:10:37 RHL058 postfix/qmgr[14505]: A88827C3047: removed
Jun 29 03:10:37 RHL058 postfix/smtp[21306]: 0E8FF7C3049: to=<cclason1@hotmail.com>, relay=mx4.hotmail.com[65.55.92.184]:25, delay=0.53, delays=0.06/0/0.09/0.37, dsn=2.0.0, status=sent (250  <1404025836.53afbbeccc64d@swift.generated> Queued mail for delivery)
Jun 29 03:10:37 RHL058 postfix/qmgr[14505]: 0E8FF7C3049: removed
Jun 29 03:10:37 RHL058 postfix/smtp[21316]: 5AA747C2FF2: to=<colin_girardin@hotmail.com>, relay=mx3.hotmail.com[65.55.92.168]:25, delay=0.32, delays=0.06/0/0.09/0.17, dsn=2.0.0, status=sent (250  <1404025837.53afbbed22635@swift.generated> Queued mail for delivery)
Jun 29 03:10:37 RHL058 postfix/qmgr[14505]: 5AA747C2FF2: removed
Jun 29 03:10:38 RHL058 postfix/smtp[14885]: 053C97C302F: to=<ilovekats9987@gmail.com>, relay=gmail-smtp-in.l.google.com[173.194.77.27]:25, delay=1.3, delays=0.06/0/0.07/1.1, dsn=2.0.0, status=sent (250 2.0.0 OK 1404025838 f1si20831270obi.103 - gsmtp)
Jun 29 03:10:38 RHL058 postfix/qmgr[14505]: 053C97C302F: removed
Jun 29 03:10:52 RHL058 postfix/smtp[14922]: connect to groovylists.com[54.194.187.114]:25: Connection timed out
Jun 29 03:10:52 RHL058 postfix/smtp[14922]: 100B27C52B9: to=<info@groovylists.com>, relay=none, delay=420540, delays=420480/0/60/0, dsn=4.4.1, status=deferred (connect to groovylists.com[54.194.187.114]:25: Connection timed out)
Jun 29 03:10:52 RHL058 postfix/smtp[21258]: connect to groovylists.com[54.194.187.114]:25: Connection timed out
Jun 29 03:10:52 RHL058 postfix/smtp[21258]: 83EEA7C9133: to=<info@groovylists.com>, relay=none, delay=277678, delays=277618/0.09/60/0, dsn=4.4.1, status=deferred (connect to groovylists.com[54.194.187.114]:25: Connection timed out)
Jun 29 03:10:52 RHL058 postfix/smtp[21266]: connect to windowlsive.com[64.4.6.100]:25: Connection timed out
Jun 29 03:10:52 RHL058 postfix/smtp[21266]: 4D26E7C5C13: to=<fanis1995@windowlsive.com>, relay=none, delay=581, delays=520/0.11/60/0, dsn=4.4.1, status=deferred (connect to windowlsive.com[64.4.6.100]:25: Connection timed out)
Jun 29 03:10:52 RHL058 postfix/smtp[14943]: connect to gmail.com.br[64.233.160.19]:25: Connection timed out
Jun 29 03:10:52 RHL058 postfix/smtp[14883]: connect to outook.com[95.211.117.206]:25: Connection timed out
Jun 29 03:10:52 RHL058 postfix/smtp[21277]: connect to homail.com[64.4.6.100]:25: Connection timed out
Jun 29 03:10:52 RHL058 postfix/smtp[27336]: connect to homail.com[65.55.39.10]:25: Connection timed out
Jun 29 03:10:52 RHL058 postfix/smtp[14883]: CE80F7C8CCD: to=<franckcf@outook.com>, relay=none, delay=319685, delays=319625/0/60/0, dsn=4.4.1, status=deferred (connect to outook.com[95.211.117.206]:25: Connection timed out)
Jun 29 03:10:53 RHL058 postfix/smtp[21277]: DE81B7C6BFC: to=<plataenrique@homail.com>, relay=none, delay=61587, delays=61527/0.17/60/0, dsn=4.4.1, status=deferred (connect to homail.com[64.4.6.100]:25: Connection timed out)
Jun 29 03:10:53 RHL058 postfix/smtp[27336]: D08517C3646: to=<pokerale1987@homail.com>, relay=none, delay=118119, delays=118059/0.17/60/0, dsn=4.4.1, status=deferred (connect to homail.com[65.55.39.10]:25: Connection timed out)
Jun 29 03:10:53 RHL058 postfix/smtp[14878]: connect to gmail.co[64.233.160.18]:25: Connection timed out